18:48:27 **** Incremental Build of configuration Debug for project sun-tracker ****
make -j8 all 
make: Nothing to be done for 'all'.
18:48:34 **** Incremental Build of configuration Debug for project sun-tracker ****
make -j8 all 
make: Nothing to be done for 'all'.
18:50:10 **** Incremental Build of configuration Debug for project sun-tracker ****
make -j8 all 
make: Nothing to be done for 'all'.
18:51:38 **** Incremental Build of configuration Debug for project sun-tracker ****
make -j8 all 
make: Nothing to be done for 'all'.
18:51:40 **** Incremental Build of configuration Debug for project sun-tracker ****
make -j8 all 
make: Nothing to be done for 'all'.
18:54:19 **** Incremental Build of configuration Debug for project sun-tracker ****
make -j8 all 
Building file: ../appli/sun_tracker.c
Invoking: MCU GCC Compiler
C:\Users\simon\OneDrive\Documents\ESEO\I1\SE\PSE2_SUNTRACKER\sun-tracker\Debug
arm-none-eabi-gcc -mcpu=cortex-m3 -mthumb -mfloat-abi=soft -DSTM32F1 -DNUCLEO_F103RB -DSTM32F103RBTx -DSTM32 -DDEBUG -DUSE_HAL_DRIVER -DSTM32F103xB -I"C:/Users/simon/OneDrive/Documents/ESEO/I1/SE/PSE2_SUNTRACKER/sun-tracker/lib/bsp" -I"C:/Users/simon/OneDrive/Documents/ESEO/I1/SE/PSE2_SUNTRACKER/sun-tracker/lib/bsp/MPU6050" -I../lib/bsp/iks01a1 -I../lib/bsp/iks01a1/Common -I../lib/bsp/iks01a1/hts221 -I../lib/bsp/iks01a1/lis3mdl -I../lib/bsp/iks01a1/lps22hb -I../lib/bsp/iks01a1/lps25hb -I../lib/bsp/iks01a1/lsm6ds0 -I../lib/bsp/iks01a1/lsm6ds3 -I../lib/bsp/tft_ili9341 -I../lib/bsp/tft_pcd8544 -I../lib/bsp/MCP23S17 -I"C:/Users/simon/OneDrive/Documents/ESEO/I1/SE/PSE2_SUNTRACKER/sun-tracker/lib/hal/inc" -I../lib/bsp/Common -I../lib/bsp/lcd2x16 -I../lib/bsp/MLX90614 -I../lib/bsp/MatrixKeyboard -I../lib/bsp/MatrixLed -I"C:/Users/simon/OneDrive/Documents/ESEO/I1/SE/PSE2_SUNTRACKER/sun-tracker/lib/CMSIS/core" -I"C:/Users/simon/OneDrive/Documents/ESEO/I1/SE/PSE2_SUNTRACKER/sun-tracker/lib/CMSIS/device" -I../lib/middleware/FatFs -I../lib/middleware/FatFs/src -I../lib/middleware/FatFs/src/drivers -I"C:/Users/simon/OneDrive/Documents/ESEO/I1/SE/PSE2_SUNTRACKER/sun-tracker/appli"  -Og -g3 -Wall -Wextra -Wconversion -fmessage-length=0 -ffunction-sections -fdata-sections -c -MMD -MP -MF"appli/sun_tracker.d" -MT"appli/sun_tracker.o" -o "appli/sun_tracker.o" "../appli/sun_tracker.c"
Finished building: ../appli/sun_tracker.c
 
Building target: sun-tracker.elf
Invoking: MCU GCC Linker
arm-none-eabi-gcc -mcpu=cortex-m3 -mthumb -mfloat-abi=soft -u_printf_float -T"../lib/LinkerScript.ld" -Wl,-Map=output.map -Wl,--gc-sections -o "sun-tracker.elf" @"objects.list"   -lm
Finished building target: sun-tracker.elf
 
make --no-print-directory post-build
Generating binary and Printing size information:
arm-none-eabi-objcopy -O binary "sun-tracker.elf" "sun-tracker.bin"
arm-none-eabi-size "sun-tracker.elf"
   text	   data	    bss	    dec	    hex	filename
  59656	   2508	   2760	  64924	   fd9c	sun-tracker.elf
 
18:54:27 **** Incremental Build of configuration Debug for project sun-tracker ****
make -j8 all 
make: Nothing to be done for 'all'.
